#! /usr/local/bin/vvp
:ivl_version "13.0 (devel)" "(s20221226-572-gb74511974)";
:ivl_delay_selection "TYPICAL";
:vpi_time_precision + 0;
:vpi_module "/usr/local/lib/ivl/system.vpi";
:vpi_module "/usr/local/lib/ivl/vhdl_sys.vpi";
:vpi_module "/usr/local/lib/ivl/vhdl_textio.vpi";
:vpi_module "/usr/local/lib/ivl/v2005_math.vpi";
:vpi_module "/usr/local/lib/ivl/va_math.vpi";
S_0x1c63500 .scope module, "read_image" "read_image" 2 1;
 .timescale 0 0;
v0x1c636b0_0 .var/i "count", 31 0;
v0x1c85800_0 .var/i "i", 31 0;
v0x1c858e0 .array "img", 5223 1, 127 0;
    .scope S_0x1c63500;
T_0 ;
    %vpi_call 2 6 "$readmemb", "/home/soysiro/AsconImgVid/test/binary.txt", v0x1c858e0 {0 0 0};
    %vpi_call 2 7 "$dumpfile", "/home/soysiro/AsconImgVid/test/binary.vcd" {0 0 0};
    %vpi_call 2 8 "$dumpvars", 32'sb00000000000000000000000000000000, S_0x1c63500 {0 0 0};
    %pushi/vec4 0, 0, 32;
    %store/vec4 v0x1c636b0_0, 0, 32;
    %pushi/vec4 0, 0, 32;
    %store/vec4 v0x1c85800_0, 0, 32;
T_0.0 ; Top of for-loop
    %load/vec4 v0x1c85800_0;
    %cmpi/s 5222, 0, 32;
	  %jmp/0xz T_0.1, 5;
    %load/vec4 v0x1c85800_0;
    %subi 1, 0, 32;
    %ix/vec4/s 4;
    %load/vec4a v0x1c858e0, 4;
    %pushi/vec4 4294967295, 4294967295, 32;
    %concati/vec4 4294967295, 4294967295, 32;
    %concati/vec4 4294967295, 4294967295, 32;
    %concati/vec4 4294967295, 4294967295, 32;
    %cmp/ne;
    %jmp/0xz  T_0.3, 6;
    %load/vec4 v0x1c636b0_0;
    %addi 1, 0, 32;
    %store/vec4 v0x1c636b0_0, 0, 32;
T_0.3 ;
T_0.2 ; for-loop step statement
    %load/vec4 v0x1c85800_0;
    %addi 1, 0, 32;
    %store/vec4 v0x1c85800_0, 0, 32;
    %jmp T_0.0;
T_0.1 ; for-loop exit label
    %vpi_call 2 17 "$display", "Total lines read into array: %d", v0x1c636b0_0 {0 0 0};
    %vpi_call 2 18 "$finish" {0 0 0};
    %end;
    .thread T_0;
# The file index is used to find the file name in the following table.
:file_names 3;
    "N/A";
    "<interactive>";
    "read_image.v";
